// Jest Snapshot v1, https://goo.gl/fbAQLP

exports[`using markers Component renders correctly 1`] = `
<div
  className="sc-bwzfXH sc-EHOje fiNfSU"
>
  <h1>
    Using the Markers
  </h1>
  <p>
    There are two types of markers on the map. Companies are
    <span>
      <img
        alt=""
        src="markerlogo4.png"
        style={
          Object {
            "width": "40px",
          }
        }
      />
    </span>
    and Job Seekers are
    <span>
      <img
        alt=""
        src="markerlogo.png"
        style={
          Object {
            "width": "40px",
          }
        }
      />
    </span>
    . You can click on a marker to bring up the name of the company or seeker in which that maker belongs to. Clicking on the link there will bring you to their profile page.
  </p>
  <p>
    If you want to display only seekers or only companies, you can use the key in the bottom right hand corner of your screen.
  </p>
  <h1>
    Picture Goes here
  </h1>
  <button
    className="sc-bdVaJa fEBwJj"
    onClick={[Function]}
  >
    Next
  </button>
</div>
`;
