// Jest Snapshot v1, https://goo.gl/fbAQLP

exports[`Nav Bar Component renders correctly 1`] = `
<div
  className="nav sc-bdVaJa gzaecn"
>
  <div>
    <button
      className="sign-in sc-htpNat dJuGll"
      onClick={[Function]}
    >
      Sign In &gt;
    </button>
  </div>
</div>
`;
